Cell2mol terminated with error number 0. Message:
No errors Found
